111-222-333-444
